// Jest Snapshot v1, https://goo.gl/fbAQLP

exports[`Views/TransactionHistory.jsx should render without crashing 1`] = `
ShallowWrapper {
  "length": 1,
  Symbol(enzyme.__root__): [Circular],
  Symbol(enzyme.__unrendered__): <WithStyles(TransactionHistory) />,
  Symbol(enzyme.__renderer__): Object {
    "batchedUpdates": [Function],
    "getNode": [Function],
    "render": [Function],
    "simulateEvent": [Function],
    "unmount": [Function],
  },
  Symbol(enzyme.__node__): Object {
    "instance": null,
    "key": undefined,
    "nodeType": "function",
    "props": Object {
      "classes": Object {
        "note": "TransactionHistory-note-02",
        "typo": "TransactionHistory-typo-01",
      },
    },
    "ref": null,
    "rendered": null,
    "type": [Function],
  },
  Symbol(enzyme.__nodes__): Array [
    Object {
      "instance": null,
      "key": undefined,
      "nodeType": "function",
      "props": Object {
        "classes": Object {
          "note": "TransactionHistory-note-02",
          "typo": "TransactionHistory-typo-01",
        },
      },
      "ref": null,
      "rendered": null,
      "type": [Function],
    },
  ],
  Symbol(enzyme.__options__): Object {
    "adapter": ReactSixteenAdapter {
      "options": Object {
        "enableComponentDidUpdateOnSetState": true,
      },
    },
    "disableLifecycleMethods": true,
  },
}
`;
