// Jest Snapshot v1, https://goo.gl/fbAQLP

exports[`Views/Simulator.jsx should render without crashing 1`] = `
ShallowWrapper {
  "length": 1,
  Symbol(enzyme.__root__): [Circular],
  Symbol(enzyme.__unrendered__): <Simulator />,
  Symbol(enzyme.__renderer__): Object {
    "batchedUpdates": [Function],
    "getNode": [Function],
    "render": [Function],
    "simulateEvent": [Function],
    "unmount": [Function],
  },
  Symbol(enzyme.__node__): Object {
    "instance": null,
    "key": undefined,
    "nodeType": "class",
    "props": Object {
      "children": <WithStyles(ItemGrid)
        md={12}
        sm={12}
        xs={12}
>
        <p>
                Simulator is under construction...
        </p>
</WithStyles(ItemGrid)>,
      "container": true,
    },
    "ref": null,
    "rendered": Object {
      "instance": null,
      "key": undefined,
      "nodeType": "class",
      "props": Object {
        "children": <p>
          Simulator is under construction...
</p>,
        "md": 12,
        "sm": 12,
        "xs": 12,
      },
      "ref": null,
      "rendered": Object {
        "instance": null,
        "key": undefined,
        "nodeType": "host",
        "props": Object {
          "children": "Simulator is under construction...",
        },
        "ref": null,
        "rendered": "Simulator is under construction...",
        "type": "p",
      },
      "type": [Function],
    },
    "type": [Function],
  },
  Symbol(enzyme.__nodes__): Array [
    Object {
      "instance": null,
      "key": undefined,
      "nodeType": "class",
      "props": Object {
        "children": <WithStyles(ItemGrid)
          md={12}
          sm={12}
          xs={12}
>
          <p>
                    Simulator is under construction...
          </p>
</WithStyles(ItemGrid)>,
        "container": true,
      },
      "ref": null,
      "rendered": Object {
        "instance": null,
        "key": undefined,
        "nodeType": "class",
        "props": Object {
          "children": <p>
            Simulator is under construction...
</p>,
          "md": 12,
          "sm": 12,
          "xs": 12,
        },
        "ref": null,
        "rendered": Object {
          "instance": null,
          "key": undefined,
          "nodeType": "host",
          "props": Object {
            "children": "Simulator is under construction...",
          },
          "ref": null,
          "rendered": "Simulator is under construction...",
          "type": "p",
        },
        "type": [Function],
      },
      "type": [Function],
    },
  ],
  Symbol(enzyme.__options__): Object {
    "adapter": ReactSixteenAdapter {
      "options": Object {
        "enableComponentDidUpdateOnSetState": true,
      },
    },
    "disableLifecycleMethods": true,
  },
}
`;
