// Jest Snapshot v1, https://goo.gl/fbAQLP

exports[`Views/AssetMovements.jsx should render without crashing 1`] = `
ShallowWrapper {
  "length": 1,
  Symbol(enzyme.__root__): [Circular],
  Symbol(enzyme.__unrendered__): <AssetMovements />,
  Symbol(enzyme.__renderer__): Object {
    "batchedUpdates": [Function],
    "getNode": [Function],
    "render": [Function],
    "simulateEvent": [Function],
    "unmount": [Function],
  },
  Symbol(enzyme.__node__): Object {
    "instance": null,
    "key": undefined,
    "nodeType": "class",
    "props": Object {
      "children": Array [
        <WithStyles(GridWrapper)
          item={true}
          md={12}
          sm={12}
          xs={12}
>
          <WithStyles(inject-AssetInput-with-AssetStore-MarketStore-PortfolioStore-NotificationStore) />
</WithStyles(GridWrapper)>,
        <WithStyles(GridWrapper)
          item={true}
          md={12}
          sm={12}
          xs={12}
>
          <WithStyles(inject-AssetAllocation-with-AssetStore-NotificationStore-MarketStore-PortfolioStore) />
</WithStyles(GridWrapper)>,
        <WithStyles(GridWrapper)
          item={true}
          md={12}
          sm={12}
          xs={12}
>
          <WithStyles(inject-_class-with-PortfolioStore)
                    tableHead={
                              Array [
                                        "Ticker",
                                        "Holdings",
                                        "Price(BTC)",
                                        "Price(USD)",
                                        "Total Value(USD)",
                                        "Asset Weight",
                                        "24H Change",
                                        "7D Change",
                                      ]
                    }
          />
</WithStyles(GridWrapper)>,
      ],
      "container": true,
    },
    "ref": null,
    "rendered": Array [
      Object {
        "instance": null,
        "key": undefined,
        "nodeType": "class",
        "props": Object {
          "children": <WithStyles(inject-AssetInput-with-AssetStore-MarketStore-PortfolioStore-NotificationStore) />,
          "item": true,
          "md": 12,
          "sm": 12,
          "xs": 12,
        },
        "ref": null,
        "rendered": Object {
          "instance": null,
          "key": undefined,
          "nodeType": "class",
          "props": Object {},
          "ref": null,
          "rendered": null,
          "type": [Function],
        },
        "type": [Function],
      },
      Object {
        "instance": null,
        "key": undefined,
        "nodeType": "class",
        "props": Object {
          "children": <WithStyles(inject-AssetAllocation-with-AssetStore-NotificationStore-MarketStore-PortfolioStore) />,
          "item": true,
          "md": 12,
          "sm": 12,
          "xs": 12,
        },
        "ref": null,
        "rendered": Object {
          "instance": null,
          "key": undefined,
          "nodeType": "class",
          "props": Object {},
          "ref": null,
          "rendered": null,
          "type": [Function],
        },
        "type": [Function],
      },
      Object {
        "instance": null,
        "key": undefined,
        "nodeType": "class",
        "props": Object {
          "children": <WithStyles(inject-_class-with-PortfolioStore)
            tableHead={
                        Array [
                                    "Ticker",
                                    "Holdings",
                                    "Price(BTC)",
                                    "Price(USD)",
                                    "Total Value(USD)",
                                    "Asset Weight",
                                    "24H Change",
                                    "7D Change",
                                  ]
            }
/>,
          "item": true,
          "md": 12,
          "sm": 12,
          "xs": 12,
        },
        "ref": null,
        "rendered": Object {
          "instance": null,
          "key": undefined,
          "nodeType": "class",
          "props": Object {
            "tableHead": Array [
              "Ticker",
              "Holdings",
              "Price(BTC)",
              "Price(USD)",
              "Total Value(USD)",
              "Asset Weight",
              "24H Change",
              "7D Change",
            ],
          },
          "ref": null,
          "rendered": null,
          "type": [Function],
        },
        "type": [Function],
      },
    ],
    "type": [Function],
  },
  Symbol(enzyme.__nodes__): Array [
    Object {
      "instance": null,
      "key": undefined,
      "nodeType": "class",
      "props": Object {
        "children": Array [
          <WithStyles(GridWrapper)
            item={true}
            md={12}
            sm={12}
            xs={12}
>
            <WithStyles(inject-AssetInput-with-AssetStore-MarketStore-PortfolioStore-NotificationStore) />
</WithStyles(GridWrapper)>,
          <WithStyles(GridWrapper)
            item={true}
            md={12}
            sm={12}
            xs={12}
>
            <WithStyles(inject-AssetAllocation-with-AssetStore-NotificationStore-MarketStore-PortfolioStore) />
</WithStyles(GridWrapper)>,
          <WithStyles(GridWrapper)
            item={true}
            md={12}
            sm={12}
            xs={12}
>
            <WithStyles(inject-_class-with-PortfolioStore)
                        tableHead={
                                    Array [
                                                "Ticker",
                                                "Holdings",
                                                "Price(BTC)",
                                                "Price(USD)",
                                                "Total Value(USD)",
                                                "Asset Weight",
                                                "24H Change",
                                                "7D Change",
                                              ]
                        }
            />
</WithStyles(GridWrapper)>,
        ],
        "container": true,
      },
      "ref": null,
      "rendered": Array [
        Object {
          "instance": null,
          "key": undefined,
          "nodeType": "class",
          "props": Object {
            "children": <WithStyles(inject-AssetInput-with-AssetStore-MarketStore-PortfolioStore-NotificationStore) />,
            "item": true,
            "md": 12,
            "sm": 12,
            "xs": 12,
          },
          "ref": null,
          "rendered": Object {
            "instance": null,
            "key": undefined,
            "nodeType": "class",
            "props": Object {},
            "ref": null,
            "rendered": null,
            "type": [Function],
          },
          "type": [Function],
        },
        Object {
          "instance": null,
          "key": undefined,
          "nodeType": "class",
          "props": Object {
            "children": <WithStyles(inject-AssetAllocation-with-AssetStore-NotificationStore-MarketStore-PortfolioStore) />,
            "item": true,
            "md": 12,
            "sm": 12,
            "xs": 12,
          },
          "ref": null,
          "rendered": Object {
            "instance": null,
            "key": undefined,
            "nodeType": "class",
            "props": Object {},
            "ref": null,
            "rendered": null,
            "type": [Function],
          },
          "type": [Function],
        },
        Object {
          "instance": null,
          "key": undefined,
          "nodeType": "class",
          "props": Object {
            "children": <WithStyles(inject-_class-with-PortfolioStore)
              tableHead={
                            Array [
                                          "Ticker",
                                          "Holdings",
                                          "Price(BTC)",
                                          "Price(USD)",
                                          "Total Value(USD)",
                                          "Asset Weight",
                                          "24H Change",
                                          "7D Change",
                                        ]
              }
/>,
            "item": true,
            "md": 12,
            "sm": 12,
            "xs": 12,
          },
          "ref": null,
          "rendered": Object {
            "instance": null,
            "key": undefined,
            "nodeType": "class",
            "props": Object {
              "tableHead": Array [
                "Ticker",
                "Holdings",
                "Price(BTC)",
                "Price(USD)",
                "Total Value(USD)",
                "Asset Weight",
                "24H Change",
                "7D Change",
              ],
            },
            "ref": null,
            "rendered": null,
            "type": [Function],
          },
          "type": [Function],
        },
      ],
      "type": [Function],
    },
  ],
  Symbol(enzyme.__options__): Object {
    "adapter": ReactSixteenAdapter {
      "options": Object {
        "enableComponentDidUpdateOnSetState": true,
      },
    },
    "disableLifecycleMethods": true,
  },
}
`;
